
> ejagriti-client@1.0.0 build
> tsc && vite build

src/components/ChatBot.tsx(1,8): error TS6133: 'React' is declared but its value is never read.
src/components/ChatBot.tsx(204,33): error TS2322: Type '"icon"' is not assignable to type '"default" | "sm" | "lg" | undefined'.
src/components/PetitionCard.tsx(1,1): error TS6133: 'React' is declared but its value is never read.
src/lib/api.ts(4,26): error TS2339: Property 'env' does not exist on type 'ImportMeta'.
src/pages/Dashboard.tsx(1,8): error TS6133: 'React' is declared but its value is never read.
src/pages/PetitionTypes.tsx(1,1): error TS6133: 'React' is declared but its value is never read.
